// Jest Snapshot v1, https://goo.gl/fbAQLP

exports[`that it renders App with shallow rendering 1`] = `
<div>
  <div />
  <div>
    <NewCardForm
      addCardCallback={[Function]}
    />
  </div>
</div>
`;
