// Jest Snapshot v1, https://goo.gl/fbAQLP

exports[`Card that it matches an existing snapshot 1`] = `
<div
  className="card"
>
  <div
    className="card__content"
  >
    <p
      className="card__content-text"
    >
       
      text
    </p>
    <p
      className="card__content-emoji"
    >
       
      üê∂
       
    </p>
    <button
      className="card__delete"
      onClick={[Function]}
    >
      Delete
    </button>
  </div>
</div>
`;
