// Jest Snapshot v1, https://goo.gl/fbAQLP

exports[`Board that it matches an existing snapshot 1`] = `
<div
  className="card"
>
  <section
    className="card__content"
  >
    #
    :
    <p
      className="card__content-text"
    >
       
       
    </p>
    <p
      className="card__content-emoji"
    >
       
       
    </p>
    <button
      className="card__delete"
      onClick={[Function]}
      type="button"
    >
      Delete
    </button>
  </section>
</div>
`;
