// Jest Snapshot v1, https://goo.gl/fbAQLP

exports[`NewCardForm that it matches an existing snapshot 1`] = `
<form
  className="new-card-form"
  onSubmit={[Function]}
>
  <h3>
    Add a Inspirational Message!
  </h3>
  <label>
    Text:
    <input
      name="text"
      onChange={[Function]}
      type="text"
      value=""
    />
  </label>
  <label>
    Emoji:
    <select
      name="emoji"
      onChange={[Function]}
      value=""
    >
      <option
        value=""
      >
        Optional Emojis
      </option>
      <option
        value=""
      >
        None
      </option>
      <option
        value="heart_eyes"
      >
        Heart Eyes
      </option>
      <option
        value="beer"
      >
        Beer
      </option>
      <option
        value="clap"
      >
        Clap
      </option>
      <option
        value="sparkling_heart"
      >
        Sparkling Heart
      </option>
      <option
        value="heart_eyes_cat"
      >
        Cat Eyes Heart
      </option>
      <option
        value="dog"
      >
        Dog
      </option>
    </select>
  </label>
  <input
    className="btn btn-success new-card-form--submit"
    name="submit"
    type="submit"
    value="Add a Card"
  />
</form>
`;
